// Jest Snapshot v1, https://goo.gl/fbAQLP

exports[`Pruebas en en el componente <RealExcampleRef/> Debe mostrar el componente correctamente 1`] = `
<div>
  <h1>
    RealExcampleRef
  </h1>
  <br />
  <button
    className="btn btn-primary mt-5"
    onClick={[Function]}
  >
    Show/Hide
  </button>
</div>
`;
