// Jest Snapshot v1, https://goo.gl/fbAQLP

exports[`Pruebas en componente <TodoAdd /> Renderizar el componente correctamente 1`] = `
<Fragment>
  <h5>
    Agregar TODO
  </h5>
  <hr />
  <form
    onSubmit={[Function]}
  >
    <input
      autoComplete="off"
      className="form-control"
      name="description"
      onChange={[Function]}
      placeholder="Aprender..."
      type="text"
      value=""
    />
    <button
      className="btn btn-outline-primary btn-block mt-2"
      type="submit"
    >
      Agregar
    </button>
  </form>
</Fragment>
`;
